C:\Users\soundgates\Desktop\pg-soundgates\soundgates\implementation\system.ngc 1370863607
C:/Users/soundgates/Desktop/pg-soundgates/soundgates/implementation/system_rs232_uart_1_wrapper.ngc 1370863342
C:/Users/soundgates/Desktop/pg-soundgates/soundgates/implementation/system_clock_generator_0_wrapper.ngc 1370863543
C:/Users/soundgates/Desktop/pg-soundgates/soundgates/implementation/system_proc_sys_reset_0_wrapper.ngc 1370863483
C:/Users/soundgates/Desktop/pg-soundgates/soundgates/implementation/system_microblaze_0_wrapper.ngc 1370863517
C:/Users/soundgates/Desktop/pg-soundgates/soundgates/implementation/system_mb_plb_wrapper.ngc 1370863278
C:/Users/soundgates/Desktop/pg-soundgates/soundgates/implementation/system_ilmb_wrapper.ngc 1370863524
C:/Users/soundgates/Desktop/pg-soundgates/soundgates/implementation/system_dlmb_wrapper.ngc 1370863530
C:/Users/soundgates/Desktop/pg-soundgates/soundgates/implementation/system_dlmb_cntlr_wrapper.ngc 1370863307
C:/Users/soundgates/Desktop/pg-soundgates/soundgates/implementation/system_ilmb_cntlr_wrapper.ngc 1370863317
C:/Users/soundgates/Desktop/pg-soundgates/soundgates/implementation/system_leds_8bit_wrapper.ngc 1370863356
C:/Users/soundgates/Desktop/pg-soundgates/soundgates/implementation/system_push_buttons_5bit_wrapper.ngc 1370863370
C:/Users/soundgates/Desktop/pg-soundgates/soundgates/implementation/system_ddr3_sdram_wrapper.ngc 1370863536
C:/Users/soundgates/Desktop/pg-soundgates/soundgates/implementation/system_xps_timer_0_wrapper.ngc 1370863451
C:/Users/soundgates/Desktop/pg-soundgates/soundgates/implementation/system_mdm_0_wrapper.ngc 1370863473
C:/Users/soundgates/Desktop/pg-soundgates/soundgates/implementation/system_xps_intc_0_wrapper.ngc 1370863549
C:/Users/soundgates/Desktop/pg-soundgates/soundgates/implementation/system_musicgenerator_0_wrapper.ngc 1370863555
C:/Users/soundgates/Desktop/pg-soundgates/soundgates/implementation/system_lmb_bram_wrapper.ngc 1370863328
OK
